bwa                       0.7.17               hed695b0_6    bioconda
abyss                     2.2.3                h3e4de3e_1    bioconda
picard                    2.21.4                        0    bioconda
perl-bio-samtools         1.43            pl526h1341992_1    bioconda
samtools                  1.9                 h10a08f8_12    bioconda
freebayes                 1.3.1            py37h56106d0_0    bioconda
biopython                 1.73             py37h14c3975_0    conda-forge

Dependent source: 13-1941-6 ['13-1941-6_S4_L001_R1_600000.fastq.gz', '13-1941-6_S4_L001_R2_600000.fastq.gz'] /home/tstuber/analysis/zone/fastq_data_set-tb_complex/super_cut/cuts/dir01/13-1941-6/NC_002945v4.fasta None
